[sites.google.com/view/bramptonfblc/index.html]
[sites.google.com/view/bramptonfblc/POST.0.delayed]
[backblue.gif]
[fade.gif]
[index.html]
[sites.google.com/view/bramptonfblc/home.html]
[sites.google.com/view/bramptonfblc/about-us.html]
[sites.google.com/view/bramptonfblc/join-us.html]
[sites.google.com/view/bramptonfblc/competitions.html]
[sites.google.com/view/bramptonfblc/meet-the-team.html]
[sites.google.com/view/bramptonfblc/opportunities.html]
[sites.google.com/view/bramptonfblc/ai-blogs.html]
[sites.google.com/view/bramptonfblc/ai-blogs/how-ai-can-personalize-learning-experiences-for-every-student.html]
[sites.google.com/view/bramptonfblc/index.html]
[sites.google.com/view/bramptonfblc/POST.html]
[sites.google.com/view/bramptonfblc/home.html]
[sites.google.com/view/bramptonfblc/about-us.html]
[sites.google.com/view/bramptonfblc/join-us.html]
[sites.google.com/view/bramptonfblc/competitions.html]
[sites.google.com/view/bramptonfblc/meet-the-team.html]
[sites.google.com/view/bramptonfblc/opportunities.html]
[sites.google.com/view/bramptonfblc/ai-blogs.html]
[sites.google.com/view/bramptonfblc/ai-blogs/how-ai-can-personalize-learning-experiences-for-every-student.html]
[sites.google.com/view/bramptonfblc/hq-website.html]
[sites.google.com/view/bramptonfblc/hq-website.html]
[sites.google.com/view/bramptonfblc/connect.html]
[sites.google.com/view/bramptonfblc/connect.html]
